הַגֶּשֶׁר הַבָּא נִמְצָא בְּמֶרְחָק עֲשָׂרָה קִילוֹמֶטְרִים. נֵיאָלֵץ לִסְטוֹת מֵהַדֶּרֶךְ.
אֲנִי לֹא יָכוֹל, הַמְּפַקֵּד. אֵין לִי זְמַן.
כַּמּוּבָן.
בְּהַצְלָחָה.
-תּוֹדָה, הַמְּפַקֵּד.
רַב-טוּרַאי, אִם לֹא תַּצְלִיחַ לְשַׁכְנֵעַ אֶת קוֹלוֹנֵל מֵקֶנְזִי, תְּוַודֵּא שֶׁיִּהְיוּ עֵדִים.
אֵלֶּה פְּקוּדּוֹת יְשִׁירוֹת, הַמְּפַקֵּד.
-אֲנִי יוֹדֵעַ.
אֲבָל גְּבָרִים מְסוּיָּמִים רַק רוֹצִים אֶת הַקְּרָב.
תּוֹדָה, הַמְּפַקֵּד.
נָהַג!
סַע!
אֵין כָּאן דָּבָר.
אֵין כָּאן דָּבָר בִּשְׁבִילְךָ. בְּבַקָּשָׁה.
אַנְגְּלִי.
לֹא גֶּרְמָנִי. חָבֵר.
אֲנִי חָבֵר.
הַמָּקוֹם הַזֶּה, הָעֲיָירָה הַזֹּאת...
אַקוֹסְט?
זֶה אַקוֹסְט?
-כֵּן.
אֵיפֹה הָאֲחֵרִים?
אֲחֵרִים?
לֹא. רַק אֲנִי.
רַק אֲנִי.
אֲנִי צָרִיךְ לְהַגִּיעַ לְמָקוֹם מְסוּיָּם.
אֲנִי צָרִיךְ לִמְצוֹא יַעַר בְּכִיוּוּן דְּרוֹם-מִזְרָח.
עֵצִים.
הָעֵצִים?
קְרוֹאַסְט.
קְרוֹאָסִי?
-כֵּן.
הַנָּהָר...
נָהָר. זֶה שָׁם.
עֵצִים. קְרוֹאָסִי.
