אֲנִי אֶקַּח אֶת הַצֶּ'קִים וְאַפְקִיד אוֹתָם.
בְּמָה אַתָּה תּוֹרֵם בְּדִיּוּק, לַעֲזָאזֵל?
-תְּנִי לִי.
אֵיפֹה הַחֲצִי הַשֵּׁנִי?
הִפְקַדְתִּי אֶת הַצֶּ'ק שֶׁל וֵסְט וִירְגִ'ינְיָה,
וַעֲדַיִין לֹא הִפְקַדְתִּי אֶת הַצֶּ'ק שֶׁל קֶנְטָאקִי.
לָמָּה?
-כִּי הָיָה שׁוֹטֵר בַּבַּנְק.
נוּ, אָז?
-אָז? אֲנִי לֹא רוֹצָה שֶׁשּׁוֹטֵר יַשְׁקִיף עָלַיי בִּזְמַן שֶׁאֲנִי מְבַצַּעַת הוֹנָאָה.
אַתְּ לֹא מְבַצַּעַת הוֹנָאָה בְּקֶנְטָאקִי, אַתְּ גָּרָה בְּקֶנְטָאקִי.
אַתְּ מְבַצַּעַת הוֹנָאָה בְּוֵוסְט וִירְגִ'ינְיָה.
-אַתָּה רוֹצֶה אֶת הַכֶּסֶף? קַח אוֹתוֹ.
מָה אַתָּה אוֹמֵר עַל זֶה?
אוּלַי אֲנִי אֶשָּׁאֵר בַּמִּיטָּה וְאַתָּה תִּיסַּע מִפֹּה לְכָל הָרוּחוֹת?
וַאֲנִי לֹא רוֹצָה לִרְאוֹת אֶת הֶחָבֵר שֶׁלְּךָ גּ'וֹ בִּי מִתְהוֹלֵל כָּאן בְּלִי לְשַׁלֵּם שְׂכַר דִּירָה.
לָמָּה אַתָּה חַיָּיב לָתֵת לְכָל בֶּן זוֹנָה שֶׁהִכַּרְתָּ בַּכֶּלֶא...
אָמַרְתִּי שֶׁאֲנִי לֹא רוֹצָה לִשְׁמוֹעַ אֶת זֶה.
טוֹב? 
-כֵּן.
יֵשׁ רַק שְׁתֵּי דְּרָכִים לְהַרְוִויחַ כֶּסֶף בָּעִיר הַזּוֹ לְאַחַר סְגִירַת הַמִּכְרוֹת:
דֶּרֶךְ אַחַת הִיא עִסְקֵי הַלְּוָויוֹת, וְהַדֶּרֶךְ הַשְּׁנִיָּיה הִיא מְכִירַת סַמִּים.
לִפְעָמִים אֲנִי מִצְטַעֶרֶת שֶׁאֲנִי לֹא בְּעִסְקֵי הַלְּוָויוֹת.
כָּל חַיַּי, הַדָּבָר הַיָּחִיד שֶׁרָצִיתִי הוּא לָצֵאת מִפֶּייְקְוִויל.
לָמָּה שֶׁמִּישֶׁהוּ מִבַּחוּץ יִרְצֶה לָבוֹא לְכָאן?
אֲנִי לְעוֹלָם לֹא אֵדַע.
