מִצַּד אֶחָד, לִפְנֵי שֶׁעָבַרְתִּי לָגוּר בְּדִירָתִי הַנּוֹכְחִית תָּמִיד הָיָה לִי חָזוֹן בָּרוּר אֵיךְ יֵרָאֶה בֵּית הַחֲלוֹמוֹת שֶׁלִּי, רָצִיתִי שֶׁהוּא יִהְיֶה כְּמוֹ אַחַת הַדִּירוֹת הָאוּסְמָנִיּוֹת, אֵלּוּ הַמְּאַפְיְינוֹת אֶת פָּרִיז שֶׁל הַמֵּאָה הַתְּשַׁע-עֶשְׂרֵה: חַלּוֹנוֹת גְּדוֹלִים וּמְרוּוָּחִים, תִּקְרוֹת גְּבוֹהוֹת וּמִרְפֶּסֶת חֲמוּדָה.
מִצַּד שֵׁנִי, אוּלַי זֶה נִשְׁמָע כְּמוֹ בַּקָּשָׁה גְּדוֹלָה מִדַּי? כַּנִּרְאֶה שֶׁכֵּן.
אֲבָל עִם הַזְּמַן לָמַדְתִּי כֵּיצַד לְזַהוֹת וּלְדַיֵּיק אֶת מַרְכִּיבֵי הַמַּפְתֵּחַ שֶׁיְּכוֹלִים לְהַקְנוֹת לְכָל בֵּית סִגְנוֹן וַאֲוִוירָה פָּרִיזָאִית - אוּסְמָנִית, לֹא מְשַׁנֶּה הֵיכָן אַתְּ גָּרָה.
לְעִתִּים קְרוֹבוֹת, הַפְּרָטִים הַקְּטַנִּים, הַ'לֹא מוּרְגָּשִׁים' הַלָּלוּ, הֵם אֵלּוּ שֶׁיַּעֲשׂוּ אֶת הַהֶבְדֵּל הַגָּדוֹל.
לָכֵן, גַּם אִם אַתֶּן עֲדַיִין לֹא יְכוֹלוֹת לְהַרְשׁוֹת לְעַצְמְכֶן לִרְכּוֹשׁ "פֵּטִי פָּאלֶה" אוֹ אֶת דִּירַת הַחֲלוֹמוֹת בָּרוֹבַע הָרִאשׁוֹן, בְּאֵזוֹר הַמַּארָה הַצְּפוֹנִי אוֹ בָּרוֹבַע הָרְבִיעִי, זֶה עֲדַיִין לֹא אוֹמֵר שֶׁאַתֶּן צְרִיכוֹת לְוַותֵּר עַל הָאֶפְשָׁרוּת לְשַׁלֵּב אֶת הַפַנְטַזְיָה הַזּוֹ בַּדִּירָה הַנּוֹכְחִית שֶׁלָּכֶן.
כָּךְ תַּעֲשׂוּ אֶת זֶה:
שִׁילּוּב מַרְאוֹת יְשָׁנוֹת אוֹ בַּעֲלוֹת מַרְאֶה "מְיוּשָּׁן".
פָּרִיזָאִים אוֹהֲבִים מַרְאוֹת, בְּעִיקָּר עַתִּיקוֹת וּגְדוֹלוֹת עִם מִסְגְּרוֹת עָבוֹת וּמְעוּטָּרוֹת.
לְעִיתִּים קְרוֹבוֹת מוּנָּחוֹת הַמַּרְאוֹת עַל גַּבֵּי שִׁידָּה אוֹ אָח.
