כִּיכָּר הָאַרְבָּעָה בִּבְאֵר שֶׁבַע, מְמוּקֶּמֶת בְּסָמוּךְ לִסְנִיף בַּנְק הַפּוֹעֲלִים בִּשְׁכוּנַת נְוֵוה זְאֵב.
הַכִּיכָּר מַנְצִיחָה אֶת זִכְרָם שֶׁל אַרְבַּעַת הֲרוּגֵי הָרֶצַח בִּסְנִיף בַּנְק הַפּוֹעֲלִים בִּבְאֵר שֶׁבַע, שֶׁאֵירַע בִּשְׁנַת 2013.
זֶהוּ מִקְרֵה הָרֶצַח בַּבַּנְק וּבִכְלָל (שֶׁאֵינוֹ אֵירוּעַ בִּיטְחוֹנִי) מֵהַגְּדוֹלִים שֶׁאֵירְעוּ בְּיִשְׂרָאֵל.
בַּכִּיכָּר נְטוּעִים עֲצֵי דֶּקֶל, הַמּוּקָּפִים בְּאַרְבָּעָה לוּחוֹת לְבֵנִים, שֶׁעֲלֵיהֶם חֲרוּטִים שְׁמוֹת הַנּוֹפְלִים.
לוּחוֹת הַלְּבֵנִים מְדַמּוֹת אֶת סִגְנוֹן הַבְּנִיָּה הָעוֹתְ'מָאני בָּעִיר הָעַתִּיקָה שֶׁל בְּאֵר שֶׁבַע, בָּהּ בְּנוּיִים מִבְנִים כְּמוֹ בֵּית עָארֶף אֶל-עָארֶף, בֵּית מִרְקַחַת הַנֶּגֶב וְעוֹד.