שָׁלוֹם, כַּמָּה שְׁאֵלוֹת בְּקֶשֶׁר לְמַגְבְּרִים
כְּשֶׁקּוֹנִים מַגְבֵּר מְנוֹרוֹת בְּיָד 2 יֵשׁ דְּבָרִים מְיוּחָדִים שֶׁצָּרִיךְ לָשִׂים לֵב אֲלֵיהֶם?
מָה שֶׁאֲנִי יוֹדֵעַ זֶה פָּשׁוּט לְנַגֵּן קְצָת וְלִרְאוֹת שֶׁהַכּוֹל עוֹבֵד וְאֵין רְעָשִׁים לֹא רְצוּיִים.
וְהַאִם צָרִיךְ לְהַחֲלִיף מְנוֹרָה כָּל כַּמָּה שָׁנִים?
(זֶה מַשֶּׁהוּ שֶׁאֲנִי אוּכַל לַעֲשׂוֹת? מָה מְחִירֵי הַמְּנוֹרוֹת?)
הָאָקוּסְטִית שֶׁלִּי נִשְׁמַעַת לֹא מַשֶּׁהוּ כְּשֶׁאֲנִי מְחַבֵּר אוֹתָהּ לַמַּגְבֵּר הָרָגִיל שֶׁלִּי (לֹא מַגְבֵּר לְאָקוּסְטִית).
אַחַת הַבְּעָיוֹת זֶה שֶׁשּׁוֹמְעִים יוֹתֵר מִידַּי אֶת הַיָּד שֶׁמַּחֲלִיקָה עַל הַמֵּיתָרִים.
יֵשׁ דֶּרֶךְ לְשַׁפֵּר קְצָת אֶת הַסָּאוּנְד?
אֵיךְ בָּס יִשָּׁמַע בְּמַגְבֵּר לְגִיטָרָה חַשְׁמַלִּית? כְּמוֹ שֶׁאָקוּסְטִית נִשְׁמַעַת? אוֹ מַמָּשׁ בִּלְתִּי אֶפְשָׁרִי? (אֲנִי רוֹצֶה לִקְנוֹת בָּס בִּשְׁבִיל הַהִתְנַסּוּת, לֹא רוֹצֶה לְהַשְׁקִיעַ הַרְבֵּה בַּהַתְחָלָה)
