כְּדֵי שֶׁפְּרָטִים יִדְלְפוּ מֵהַדַּרְכּוֹן הַבִּיּוֹמֶטְרִי שֶׁלָּךְ צְרִיכִים לִקְרוֹת הַרְבֵּה דְּבָרִים.
הָרִאשׁוֹן: מִי שֶׁרוֹצֶה לִגְנוֹב אֶת הַפְּרָטִים שֶׁלָּךְ צָרִיךְ שֶׁתִּהְיֶה לוֹ גִּישָׁה לַדַּרְכּוֹן הַסְּפֵּצִיפִי שֶׁלָּךְ.
הוּא לֹא יָכוֹל לִגְנוֹב אוֹתָם מֵהָאֲוִויר.
אִם הוּא רוֹצֶה לִגְנוֹב פְּרָטִים שֶׁל 50,000 אִישׁ הוּא צָרִיךְ לְהַשִּׂיג גִּישָׁה לְ 50,000 דַּרְכּוֹנִים/תְּעוּדוֹת זֶהוּת.
בַּמַּאֲגָר הוּא צָרִיךְ גִּישָׁה אַחַת - לַמַּאֲגָר.
וְהוּא יָכוֹל לִגְנוֹב אֶת הַפְּרָטִים הַבִּיּוֹמֶטְרִים שֶׁל מֵאוֹת אַלְפֵי אֶזְרָחִים.
בַּמִּישׁוֹר הַפְּרָטִי הַפְּגִיעָה הִיא לֹא רַק בַּפְּרָטִיּוּת שֶׁלָּךְ, לְמָשָׁל הַיּוֹם בְּיוֹתֵר וְיוֹתֵר מְקוֹמוֹת אֲנָשִׁים מִזְדַּהִים יוֹתֵר וְיוֹתֵר בְּצוּרָה בִּיּוֹמֶטְרִית כְּמוֹ טְבִיעַת אֶצְבַּע.
אִם מִישֶׁהוּ מַשִּׂיג אֶת טְבִיעַת הָאֶצְבַּע שֶׁלָּךְ הוּא יָכוֹל לַעֲשׂוֹת אִיתָּהּ הֲמוֹן דְּבָרִים, מִלְּרוֹקֵן לְךָ אֶת קוּפַּת הַפֶּנְסְיָה דֶּרֶךְ גִּישָׁה לַתִּיק הָרְפוּאִי שֶׁלָּךְ וְעַד הִתְחַזּוּת אֵלַיִיךְ כְּשֶׁמְּבַצֵּעַ עֲבֵירָה פְּלִילִית.
בַּמִּישׁוֹר הַצִּיבּוּרִי דְּלִיפָה שֶׁל מַאֲגַר הַמֵּידָע יְכוֹלָה לִהְיוֹת פְּגִיעָה חֲמוּרָה בְּבִטְחוֹן מְדִינַת יִשְׂרָאֵל.
