בֶּעָבָר נִמְצָא כִּי אֶרֶס הַדְּבוֹרִים הוּא בַּעַל תְּכוּנוֹת אַנְטִי-סַרְטָנִיּוֹת לְסוּגִים אֲחֵרִים שֶׁל סַרְטָן, כְּגוֹן מֵלָנוֹמָה, סַרְטַן רֵיאוֹת, לוֹקֶמְיָה, צַוַּואר הָרֶחֶם וְסַרְטַן הַלַּבְלַב, אַךְ לַמְרוֹת עֶשְׂרוֹת שְׁנוֹת מֶחְקָר, הַסְּגוּלּוֹת הַמְּלֵאוֹת שֶׁל אֶרֶס הַדְּבוֹרִים נֶגֶד סַרְטָן נוֹתְרוּ לֹא יְדוּעוֹת בְּמִידָּה רַבָּה.
הַחוֹקְרִים מְקַוִּוים כִּי הַמֶּחְקָר, שֶׁמּוֹסִיף הֲבָנָה לְגַבֵּי הַבָּסִיס הַמּוֹלֵקוּלָרִי שֶׁל אֶרֶס הַדְּבוֹרִים נֶגֶד תָּאִים סַרְטָנִיִּים, יְהַוֶּוה אֶבֶן דֶּרֶךְ לְפִיתּוּחַ וְיִיעוּל טִיפּוּלִים חַדְשָׁנִיִּים, טִבְעִיִּים וּזְמִינִים כְּמוֹ, אֶרֶס הַדְּבוֹרִים.
הֵם גַּם מַזְהִירִים כִּי עֲדַיִין יֵשׁ צוֹרֶךְ בְּמֶחְקָרִים עֲתִידִיִּים כְּדֵי לִקְבּוֹעַ כֵּיצַד יֵשׁ לְנַהֵל אֶת הַטִּיפּוּל הַפּוֹטֶנְצְיָאלִי.