לְעוּמַּת זֹאת, בְּמַהֲלַךְ הַקַּיִץ מֶזֶג הָאֲוִויר בְּתֵל אָבִיב חַם וְיָבֵשׁ, הַלַּחוּת גְּבוֹהָה וְלֹא יוֹרְדִים מִשְׁקָעִים בִּכְלָל.
אֲבָל שִׂימוּ לֵב - אֲחוּזֵי הַלַּחוּת הַגְּבוֹהִים שֶׁיֵּשׁ בְּתֵל אָבִיב בֶּחוֹדָשִׁים אֵלֶּה מְבִיאִים לֹא פַּעַם לְעוֹמְסֵי חוֹם גְּבוֹהִים.
בְּחוֹדְשֵׁי הַקַּיִץ בְּתֵל אָבִיב, הַטֶּמְפֵּרָטוּרָה הַמְּמוּצַּעַת בִּשְׁעוֹת הַיּוֹם הִיא כְּ-30 מַעֲלוֹת וּבַלַּיְלָה כְּ- 23 מַעֲלוֹת.
שֶׁתֵּדְעוּ, עַל מֶזֶג הָאֲוִויר בְּתֵל אָבִיב מַשְׁפִּיעָה הַתּוֹפָעָה הַנְּפוֹצָה שֶׁמְּכוּנָּה אִי הַחוֹם הָעִירוֹנִי.
הַגּוֹרֵם הַמֶּרְכָּזִי לַתּוֹפָעָה הַזּוֹ הוּא הַכַּמּוּת הַגְּדוֹלָה שֶׁל כְּלִי הָרֶכֶב הַמְּנוֹעִיִּים שֶׁנּוֹסְעִים בִּרְחוֹבוֹת הָעִיר וּפוֹלְטִים חוֹם.