אִם מִישֶׁהוּ בְּבֵיתָ"ר עֲדַיִין מַאֲמִין שֶׁאֶפְשָׁר לְאַיֵּים עַל הַתּוֹאַר הָעוֹנָה, אָז מַחְזוֹר בּוֹ שְׁתֵּי הָרִאשׁוֹנוֹת נִפְגָּשׁוֹת הוּא מַחְזוֹר שֶׁפָּשׁוּט אָסוּר לְאַבֵּד בּוֹ נְקוּדּוֹת.
הַחֲבוּרָה הַלּוֹהֶטֶת שֶׁל רוֹנִי לֵוִי נִכְנְסָה לַקֶּצֶב וּבְכָל מַחְזוֹר שֶׁעוֹבֵר הָעֵסֶק מְתַקְתֵּק יוֹתֵר טוֹב.
אִם אֲפִילּוּ פֶרְדִי פְלוּמַן (שֶׁדַּוְוקָא לֹא יְשַׂחֵק מָחָר) הִצְלִיחַ לְהִתְיַישֵּׁר וְגָדִי קִינְדָּה עוֹשֶׂה קוֹלוֹת שֶׁל שַׂחְקַן עוֹנָה בְּפּוֹטֶנְצְיָה, לַצְּהוּבִּים-שְׁחוֹרִים בְּהֶחְלֵט יֵשׁ סִיבָּה לְאוֹפְּטִימִיּוּת.
מִי שֶׁדַּוְוקָא מְבָאֲסִים אֶת הַחֲגִיגָה הֵם הָאוֹהֲדִים, שֶׁמִּשּׁוּם מָה לֹא מְמַהֲרִים לְהַגִּיעַ לְטֶדִי הָעוֹנָה.
קִרְיַית שְׁמוֹנָה לֹא הִצְלִיחָה לַעֲצוֹר אֶת מַכַּבִּי חֵיפָה בַּמַּחְזוֹר שֶׁעָבַר, אֲבָל אִי אֶפְשָׁר לוֹמַר שֶׁמְּדוּבָּר בְּאֵיזוֹשֶׁהִי הַפְתָּעָה.
כָּעֵת הִיא מַגִּיעָה לְמִשְׂחָק אֲפִילּוּ יוֹתֵר קָשֶׁה מוּל קְבוּצָה שֶׁלֹּא אִיבְּדָה נְקוּדּוֹת בַּבַּיִת מֵאָז חוֹדֶשׁ סֶפְּטֶמְבֶּר.
הַמְּנַצַּחַת תִּזְכֶּה לִפְרָס קָטָן: יִתְרוֹן בְּמַאֲזַן הַנִּיצְחוֹנוֹת בְּכָל הַזְּמַנִּים, שֶׁכֵּן הַקְּבוּצוֹת נִמְצָאוֹת בְּתֵיקוֹ 13:13.
לָמָּה בֵּיתָ"ר: אֲפִילּוּ לֹא סָפְגָה בְּטֶדִי מֵאָז הַתְּבוּסָה לְמַכַּבִּי ת"א.
לָמָּה קִרְיַית שְׁמוֹנָה: הַרְבֵּה זְמַן לֹא הָיְיתָה הַפְתָּעָה בַּלִּיגָה.
