וְאִילּוּ בְּנוֹגֵעַ לַנַּחֲלָה קָבְעָה הַמְּנוּחָה כִּי הִיא לֹא תִּמְכּוֹר אֶת הַנַּחֲלָה בִּימֵי חַיֶּיהָ וְעַל כֵּן צִיוְּותָה הִיא, כִּי מְנַהֵל הָעִזָּבוֹן, אוֹתוֹ מִינְּתָה הִיא, יִמְכּוֹר אֶת הַנַּחֲלָה בְּאוֹפֶן מִיָּידִי בְּיוֹם מוֹתָהּ וִיחַלֵּק בְּאוֹתוֹ אוֹפֶן אֶת הַתְּמוּרָה מִמֶּנָּה לְאַחַר תַּשְׁלוּם מְלוֹא חוֹבוֹת, הִתְחַיְּיבוּיוֹת, וְהוֹצָאוֹת בְּגִינָהּ.
הַמְּנוּחָה אַף הִסְבִּירָה בַּצַּוָואָה כִּי לַמִּתְנַגֵּד הִיא מוֹתִירָה 50% וְזֹאת עַל מְנַת לְפַצּוֹת אוֹתוֹ בְּאוֹפֶן מָלֵא וְסוֹפִי בְּגִין מְלוֹא טַעֲנוֹתָיו וּדְרִישׁוֹתָיו בְּעִנְיַן הַנַּחֲלָה, לְרַבּוֹת טַעֲנָתוֹ כְּ"בֵּן מַמְשִׁיךְ".
לִשְׁתֵּי בְּנוֹתֶיהָ, מְבַקְּשׁוֹת הַקִּיּוּם, הוֹתִירָה 25% לְכָל אַחַת.
בְּיוֹם 12.4.24, כְּחוֹדֶשׁ לְאַחַר מוֹת בַּעֲלָהּ הַמָּנוֹחַ וְכִשְׁנָתַיִים לִפְנֵי מוֹתָהּ, עָרְכָה הַמְּנוֹחָה, אֶת הַצַּוָואָה.
בְּצַוָואָה זוֹ, בִּיטְּלָה הַמְּנוּחָה אֶת הַצַּוָואָה הַמּוּקְדֶּמֶת בְּאוֹפֶן מְפוֹרָשׁ, וְאַף נִישְּׁלָה אֶת הַמִּתְנַגֵּד מֵעִזְּבוֹנָהּ תּוֹךְ שֶׁהִיא מְנַמֶּקֶת וּמַסְבִּירָה כִּי הַשִּׁינּוּי בַּצַּוּואָה נוֹבֵעַ לְנוֹכַח הִתְנַכְּרוּתוֹ שֶׁל הַמִּתְנַגֵּד וְהַהֲלִיךְ הַמִּשְׁפָּטִי אֲשֶׁר הִסְתַּיֵּים בפס"ד בְּיוֹם 2011.09.04.
לְפִיכָךְ, הַמְּנוּחָה הוֹרִישָׁה אֶת כָּל רְכוּשָׁהּ לִשְׁתֵּי בְּנוֹתֶיהָ -מְבַקְּשׁוֹת הַקִּיּוּם כַּאֲשֶׁר כָּל אַחַת מֵהֶן קִבְּלָה 50%.
