סֶנְדֶּל שֶׁנִּיהֲלָה בַּעֲבָרָהּ מַעַרְכוֹת יְחָסִים עִם יְדוּעָנִים בַּתַּעֲשִׂיָּיה בֵּינֵיהֶם דִּין מִירוֹשְׁנִיקוֹב וְאָסָף גּוֹרֶן מִטְפַּחַת מִזֶּה כְּחוֹדֶשׁ זוּגִיּוּת עִם יָאן, בָּחוּר אָנוֹנִימִי.
עוֹד הִגִּיעוּ לְבָרֵךְ, אֲחוֹתָהּ שֶׁל שִׁירָן, קָארִין סֶנְדֶּל נְטוּלַת יִשְׂרָאֵל אוֹגָלְבּוֹ, יִשְׂרָאֵל קָטוֹרְזָה וְאִשְׁתּוֹ סוֹרֶלָה, הַפְּרוּדָה הַטְּרִיָּיה שִׁירִי קוּפְּפְבֵּרְג וְסַפִּיר פִישֶׁלְזוֹן מִ"נִינְגָ'ה יִשְׂרָאֵל" בַּחוֹדֶשׁ הַתְּשִׁיעִי לְהֶרְיוֹנָהּ.