שָׁלוֹם,
בְּעֵת שֶׁהָיִינוּ זוּג, יָלְדָה בַּת זוּגִי דְּאָז בֵּן, אוֹתוֹ הָרְתָה מִתְּרוּמַת זֶרַע מִתּוֹרֵם אַלְמוֹנִי.
הַיֶּלֶד כַּיּוֹם בֶּן שָׁלוֹשׁ וָחֵצִי.
לִפְנֵי כִּשְׁנָתַיִים נִפְרַדְנוּ, אַךְ אֲנִי נוֹתַרְתִּי בְּקֶשֶׁר עִם הַיֶּלֶד - בְּעִידוּדָהּ הַמָּלֵא שֶׁל אִמּוֹ, וּלְמַעֲשֶׂה הָפַכְתִּי לְאָבִיו בְּפוֹעַל.
בֵּין הַיֶּלֶד לְבֵינִי יֵשׁ אַהֲבָה עֲנָקִית, וְהוּא רוֹאֶה בִּי אֶת אָבִיו (וְגַם קוֹרֵא לִי אַבָּא).
בִּכְדֵי לְהַסְדִּיר אֶת הַהוֹרוּת הַמְּשׁוּתֶּפֶת, הִצַּעְתִּי לָהּ לַעֲשׂוֹת הֶסְכֵּם הוֹרוּת - וְהִיא הִסְכִּימָה, אַךְ הִיא לֹא רוֹאָה צוֹרֶךְ לְאַשֵּׁר אֶת הַהֶסְכֵּם בבימ"ש - וְזֹאת לַמְרוֹת שֶׁבִּפְגִישָׁה שֶׁהָיְיתָה לָנוּ בְּ"מִשְׁפָּחָה חֲדָשָׁה" נֶאֱמַר לָנוּ שֶׁהֶסְכֵּם הוֹרוּת מְשׁוּתֶּפֶת שֶׁלֹּא מְאוּשָּׁר ע"י בימ"ש לֹא שָׁוֶוה כְּלוּם.
הַאִם זֶה נָכוֹן? הַאִם לְלֹא חֲתִימַת בימ"ש בֶּאֱמֶת הַהֶסְכֵּם לֹא שָׁוֶוה כְּלוּם?
בְּתוֹדָה מֵרֹאשׁ.
