לֹא יוֹדֵעַ אִם זֶה נָכוֹן אֲבָל גַּם אִם כֵּן, זֶה מָה יֵשׁ :).
כָּל רֹאשׁ מֶמְשָׁלָה וְאוֹפְיוֹ.
לְכָל רֹאשׁ מֶמְשָׁלָה הָיוּ תּוֹמְכִים וְהָיוּ מִתְנַגְּדִים, קוֹלָנִיִּים יוֹתֵר וְקוֹלָנִיִּים פָּחוֹת.
בְּכָל דּוֹר וּתְקוּפָה מִתְנַגְּדִים הָיוּ מְשׁוּכְנָעִים שֶׁרֹאשׁ הַמֶּמְשָׁלָה שֶׁלּוֹ הֵם מִתְנַגְּדִים הוּא הֶחָמוּר בְּיוֹתֵר בַּהִיסְטוֹרְיָה.
מוּבְטָח לְךָ שֶׁגַּם בְּעוֹד עָשׂוֹר מֵהַיּוֹם יִטְעֲנוּ שֶׁמִּי שֶׁיִּהְיֶה אָז יִהְיֶה כָּךְ וְכָךְ וְלֹא הָיָה כְּדוּגְמָתוֹ וְכוּ', וּנְתַנְיָהוּ יִיכָּנֵס לִרְשִׁימַת הַפָּחוֹת נוֹרָאִיִּים.
דַּרְכּוֹ שֶׁל עוֹלָם.
בְּכָל מִקְרֶה אֲנִי לְכַתְּחִילָּה חוֹלֵק עַל הַטִּיעוּן הַזֶּה.
כָּךְ לְמָשָׁל בְּעֵינַי אֲרִיאֵל שָׁרוֹן הָיָה פִּי כַּמָּה יוֹתֵר חָמוּר בַּתְּחוּם שֶׁאַתָּה מְדַבֵּר עָלָיו.
וְגַם הוּא לֹא הַיָּחִיד בְּעֵינַי.
ס"ה עִנְיָין שֶׁל הַשְׁקָפָה פּוֹלִיטִית.
