-הוֹ! מָה עָשִׂיתָ לַשֵּׁרִיף שֶׁלָּנוּ? -
- הַשֵּׁרִיף שֶׁלָּכֶם הוּא בֶּן בְּלִיַּעַל שֶׁגָּנַב אֶת הַבָּקָר שֶׁלָּכֶם! -
- הוּא לֹא רָאוּי לַעֲנוֹד אֶת הַתָּג! -
-וּמִי אַתָּה, זָר? -
-אַתֶּם לֹא יוֹדְעִים מִי זֶה? -
- בָּאס רִיבְס! הַמַּרְשָׁל הַשָּׁחוֹר שֶׁל אוֹקְלָהוֹמָה, סְגַן מַרְשָׁל אָמֵרִיקָאִי -
טֵרִיטוֹרְיַית אוֹקְלָהוֹמָה
- תַּעֲשׂוּ לִינְץ' לַגַּנָּב! -
- תִּתְלוּ אוֹתוֹ!
"לֹא יִהְיֶה מִשְׁפָּט בִּידֵי אֲסַפְסוּף הַיּוֹם. תִּבְטְחוּ בַּחוֹק."
- לֹא יִהְיֶה מִשְׁפָּט בִּידֵי אֲסַפְסוּף הַיּוֹם. תִּבְטְחוּ בַּחוֹק. -
אִמָּא?
צָרִיךְ לָזוּז.
- טוּלְסָה, 1921 -
בּוֹאִי
טוֹב. הִגַּעְנוּ.
אָמַרְתִּי לָךְ, אֵין מָקוֹם-
קַח רַק אֶת הַיֶּלֶד.
לְכָל הָרוּחוֹת, אוֹ-בִּי?
הַכּוֹל יִהְיֶה בְּסֵדֶר, מוֹתֶק.
בְּסֵדֶר?
אַתָּה תֵּלֵךְ עִם הַק וְלִידִי וְהֵם יִיקְּחוּ אוֹתְךָ לְמָקוֹם בָּטוּחַ.
גַּם אַתֶּם בָּאִים?
אֲנַחְנוּ נִהְיֶה מַמָּשׁ מֵאֲחוֹרֶיךָ.
בְּסֵדֶר?
אֲנַחְנוּ חַיָּיבִים לָזוּז. עַכְשָׁיו!
תּוֹצִיא אֶת הָאֲגוּדָל מֵהַפֶּה, בֵּן.
אוֹ-בִּי, תִּזְדָּרֵז! צָרִיךְ לָזוּז!
תִּהְיֶה חָזָק-
בְּסֵדֶר.
- תַּשְׁגִּיחוּ עַל הַיֶּלֶד הַזֶּה -
אַתָּה בְּסֵדֶר.
