חוֹקְרִים רַבִּים לֹא הִשְׁתַּכְנְעוּ וְנוֹתְרוּ מְבוּלְבָּלִים.
לְאַחַר שֶׁמֶּחְקָרוֹ הָרִאשׁוֹן פּוּרְסַם, הִתְקַשְּׁרָה אֶל שְׁטֵרְן אִישָּׁה שֶׁבַּעֲלָהּ, חֲתַן פְּרַס נוֹבֵּל, סָבַל מִמִּקְרֶה חָמוּר שֶׁל אַלְצְהַיְימֶר.
"הִיא אָמְרָה, 'עַל מָה אַתָּה מְדַבֵּר, לַעֲזָאזֵל!'" אָמַר שְׁטֵרְן.
אַף-עַל-פִּי שֶׁאִישׁ לֹא טָעַן - אוֹ אוֹמֵר כַּיּוֹם - שֶׁהַשְׂכָּלָה הִיא עֲרוּבָּה לַהֲגָנָה מִפְּנֵי שִׁיטָּיוֹן, הִתְקַשּׁוּ לְקַבֵּל אֶת הָרַעְיוֹן שֶׁמַּשֶּׁהוּ אָמוֹרְפִי כְּמוֹ הַשְׂכָּלָה יָכוֹל לְהָגֵן עַל הַמּוֹחַ מִפְּנֵי פְּגִיעָתָהּ הַפִיזִית הַמַּמָּשִׁית שֶׁל מַחֲלָה קָשָׁה.
"פָּשׁוּט לֹא חָשַׁבְנוּ שֶׁהַמּוֹחַ עוֹבֵד כָּכָה," אוֹמֵר שְׁטֵרְן.
אַךְ בְּמִידָּה הוֹלֶכֶת וְגוֹבֶרֶת נִרְאֶה שֶׁאָכֵן, כָּךְ הוּא עוֹבֵד.
מֶחְקָרִים מְהֵימָנִים נוֹסָפִים, כְּדוּגְמַת מֶחְקָר "הַמִּסְדָּרִים הַדָּתִיִּים" שֶׁל רַאשׁ (עוֹד נְזִירוֹת, וְגַם כְּמָרִים) בְּ-2004, חָשְׂפוּ גַּם שֶׁבְּרָמַת חוּמְרָה נְתוּנָה, נִמְצְאוּ אֵצֶל הַמַּשְׂכִּילִים יוֹתֵר גּוּשֵׁי סִיבִים וּמִשְׁקָעִים - עוֹד הוֹכָחָה, אוּלַי, שֶׁבַּעֲלֵי הַהַשְׂכָּלָה הַרְבֵּה יוֹתֵר הָיוּ מוּגַנִּים לְמֶשֶׁךְ זְמַן רַב יוֹתֵר מִפְּנֵי הַשְׁפָּעָתָהּ הַקָּשָׁה בְּיוֹתֵר שֶׁל הַמַּחֲלָה.
אוֹתָהּ קְבוּצָה גַּם מָצְאָה שֶׁלֹּא רַק רָמַת הַהַשְׂכָּלָה הָיְתָה קְשׁוּרָה לְסַכָּנַת הַשִּׁיטָּיוֹן, אֶלָּא גַּם "פְּעִילוּיוֹת מְעוֹרְרוֹת-קוֹגְנִיצְיָה".
בְּמֶחְקָר מְכוֹנֵן, שֶׁנָּתַן דְּחִיפָה לְתַעֲשִׂיַּית הַתַּשְׁבְּצִים, מָצְאָה קְבוּצַת רַאשׁ שֶׁבְּמַהֲלַךְ תְּקוּפָה שֶׁל חָמֵשׁ שָׁנִים הָיָה לְמִי שֶׁהִרְבּוּ לְהַפְעִיל אֶת תָּאֵי הָעֶצֶב שֶׁלָּהֶם סִיכּוּי נָמוּךְ בְּחֵצִי לְפַתֵּחַ אַלְצְהַיְימֶר.
פְּעִילוּיוֹת מְעוֹרְרוֹת הוּגְדְּרוּ כְּכָאֵלֶּה, שֶׁבָּהֶן "חִיפּוּשׂ אוֹ עִיבּוּד מֵידָע" הָיָה חֵלֶק מֶרְכָּזִי, וְשֶׁנִּיתָּן לַעֲשׂוֹתָן לְבַד (כְּדֵי לְנַטְרֵל אֶת הַשְׁפָּעַת הַחֲבֵרוּת, שֶׁתְּרוּמָתָהּ לַמּוֹחַ עֲשׂוּיָה לִהְיוֹת אַדִּירָה).
כְּלוֹמַר: מִשְׂחַק בְּרִידְג' הָיָה מִחוּץ לַתְּחוּם, אַךְ קְרִיאַת מָגָזִינִים וְעִיתּוֹנִים, בִּיקּוּר בַּסִּפְרִיָּה, הִשְׁתַּעְשְׁעוּת בְּמִשְׂחֲקֵי מִילִּים, הִשְׁתַּתְּפוּת בְּשִׁיעוּרֵי מוּזִיקָה אוֹ לְמִידַּת שָׂפָה זָרָה - כּוּלָּם נֶחְשְׁבוּ.